[wailinkyaw.github.io/wptest14/index.html]
[backblue.gif]
[fade.gif]
[index.html]
[wailinkyaw.github.io/wptest14/wp-includes/blocks/navigation/style.min6a4d.css]
[wailinkyaw.github.io/wptest14/feed/index.html]
[wailinkyaw.github.io/wptest14/wp-content/themes/twentytwentythree/assets/fonts/dm-sans/DMSans-Regular.woff2]
[wailinkyaw.github.io/wptest14/comments/feed/index.html]
[wailinkyaw.github.io/wptest14/wp-content/themes/twentytwentythree/assets/fonts/dm-sans/DMSans-Regular-Italic.woff2]
[wailinkyaw.github.io/wptest14/wp-content/themes/twentytwentythree/assets/fonts/dm-sans/DMSans-Bold.woff2]
[wailinkyaw.github.io/wptest14/wp-content/themes/twentytwentythree/assets/fonts/dm-sans/DMSans-Bold-Italic.woff2]
[wailinkyaw.github.io/wptest14/wp-content/themes/twentytwentythree/assets/fonts/ibm-plex-mono/IBMPlexMono-Light.woff2]
[wailinkyaw.github.io/wptest14/wp-content/themes/twentytwentythree/assets/fonts/ibm-plex-mono/IBMPlexMono-Regular.woff2]
[wailinkyaw.github.io/wptest14/wp-content/themes/twentytwentythree/assets/fonts/ibm-plex-mono/IBMPlexMono-Italic.woff2]
[wailinkyaw.github.io/wptest14/wp-content/themes/twentytwentythree/assets/fonts/ibm-plex-mono/IBMPlexMono-Bold.woff2]
[wailinkyaw.github.io/wptest14/wp-content/themes/twentytwentythree/assets/fonts/inter/Inter-VariableFont_slnt,wght.ttf]
[wailinkyaw.github.io/wptest14/wp-content/themes/twentytwentythree/assets/fonts/source-serif-pro/SourceSerif4Variable-Roman.ttf.woff2]
[wailinkyaw.github.io/wptest14/wp-content/themes/twentytwentythree/assets/fonts/source-serif-pro/SourceSerif4Variable-Italic.ttf.woff2]
[wailinkyaw.github.io/wptest14/wp-includes/blocks/navigation/view.min92fd.js]
[wailinkyaw.github.io/wptest14/wp-includes/blocks/navigation/view-modal.mincc56.js]
[wailinkyaw.github.io/wptest14/xmlrpc0db0.php]
[wailinkyaw.github.io/wptest14/wp-json/index.html]
[wailinkyaw.github.io/wptest14/wp-includes/wlwmanifest.xml]
[wailinkyaw.github.io/wptest14/index.html]
[wailinkyaw.github.io/wptest14/wp-includes/blocks/navigation/style.min6a4d.css]
[wailinkyaw.github.io/wptest14/wp-json/index.html]
[wailinkyaw.github.io/wptest14/2023/01/26/hello-world/index.html]
[wailinkyaw.github.io/wptest14/sample-page/index.html]
[wailinkyaw.github.io/wptest14/wp-json/wp/v2/pages/2]
[wailinkyaw.github.io/wptest14/sample-page/feed/index.html]
[wailinkyaw.github.io/wptest14/index905b.html]
[wailinkyaw.github.io/wptest14/wp-json/oembed/1.0/embed9f30]
[wailinkyaw.github.io/wptest14/sample-page/index.html]
[wailinkyaw.github.io/wptest14/wp-admin/index.html]
[wailinkyaw.github.io/wptest14/wp-json/wp/v2/posts/1]
[wailinkyaw.github.io/wptest14/wp-json/oembed/1.0/embed74b0]
[wailinkyaw.github.io/wptest14/2023/01/26/hello-world/feed/index.html]
[wailinkyaw.github.io/wptest14/indexcff1.html]
[wailinkyaw.github.io/wptest14/2023/01/26/hello-world/index.html]
[wailinkyaw.github.io/wptest14/wp-json/wp/v2/pages/2.html]
[wailinkyaw.github.io/wptest14/index905b.html]
[wailinkyaw.github.io/wptest14/wp-json/oembed/1.0/embed9f30.html]
[wailinkyaw.github.io/wptest14/wp-includes/js/comment-reply.min6a4d.js]
[wailinkyaw.github.io/wptest14/category/uncategorized/index.html]
[wailinkyaw.github.io/wptest14/2023/01/26/hello-world/index6809.html]
[wailinkyaw.github.io/wptest14/wp-loginefd6.php]
[wailinkyaw.github.io/wptest14/wp-admin/index.html]
[wailinkyaw.github.io/wptest14/wp-json/wp/v2/posts/1.html]
[wailinkyaw.github.io/wptest14/indexcff1.html]
[wailinkyaw.github.io/wptest14/wp-json/oembed/1.0/embed74b0.html]
[wailinkyaw.github.io/wptest14/category/uncategorized/index.html]
[wailinkyaw.github.io/wptest14/2023/01/26/hello-world/index6809.html]
